jedna 15.1

1  ---   2
  ---   str
 562443
Result is  143653749