Enter two positive integers:
? 
? 
Prime numbers between 10 and 20 are 11 13 17 19