hhgdfh_DFGkf5665678hggdfh_DFGkf5665678hgddfh_DFGkf5665678hgdffh_DFGkf5665678hgdfhh_DFGkf5665678hgdfh__DFGkf5665678hgdfh_DDFGkf5665678hgdfh_DFFGkf5665678hgdfh_DFGGkf5665678hgdfh_DFGkkf5665678hgdfh_DFGkff5665678hgdfh_DFGkf55665678hgdfh_DFGkf56665678hgdfh_DFGkf56665678hgdfh_DFGkf56655678hgdfh_DFGkf56656678hgdfh_DFGkf56656778hgdfh_DFGkf56656788