 9.77918
 9.77918
 9.77918
 9.77918
 9.77918
 9.77918
 9.77918
 9.77918
 9.77918
 9.77918
 9.77918
 9.77918
 9.77918
 9.77918
 9.77918
 9.77918
 9.77918
 9.77918
 9.77918
 9.77918
 9.77918
 9.77918
 9.77918
 9.77918
 9.77918
 9.77918
 9.77918
 9.77918
 9.77918
 9.77918
 9.77918
 9.77918
 9.77918
 9.77918
 9.77918
 9.77918
 9.77918
 9.77918
 9.77918
 9.77918
 9.77918
 9.77918
 9.77918
 9.77918
 9.77918
 9.77918
 9.77918
 9.77918
 9.77918
 9.77918
