-129.39
-129.39
-129.39
-129.39
-129.39
-129.39
-129.39
-129.39
-129.39
-129.39
-129.39
-129.39
-129.39
-129.39
-129.39
-129.39
-129.39
-129.39
-129.39
-129.39
-129.39
-129.39
-129.39
-129.39
-129.39
-129.39
-129.39
-129.39
-129.39
-129.39
-129.39
-129.39
-129.39
-129.39
-129.39
-129.39
-129.39
-129.39
-129.39
-129.39
-129.39
-129.39
-129.39
-129.39
-129.39
-129.39
-129.39
-129.39
-129.39
-129.39
