 25
 50
 75
 0.08
 15700
-1478.84
Function called!
-42
-84
-126
-0.047619
-74214
 6871.67
